 SkyOS32

 Timestamp is 5ba2e20a (Thu Sep 20 08:55:54 2018)

 Preferred load address is 00100000

 Start         Length     Name                   Class
 0001:00000000 000048a4H .text$mn                CODE
 0002:00000000 000000dcH .rdata                  DATA
 0002:000000dc 00000000H .edata                  DATA
 0002:000000dc 000000b0H .rdata$zzzdbg           DATA
 0003:00000000 00000004H .CRT$XCA                DATA
 0003:00000004 00000004H .CRT$XCZ                DATA
 0003:00000008 00000004H .CRT$XIA                DATA
 0003:0000000c 00000004H .CRT$XIZ                DATA
 0003:00000010 00000280H .data                   DATA
 0003:00000290 00001c4cH .bss                    DATA

  Address         Publics by Value              Rva+Base       Lib:Object

 0000:00000000       ___guard_fids_count        00000000     <absolute>
 0000:00000000       ___hybrid_code_map         00000000     <absolute>
 0000:00000000       ___hybrid_code_map_count   00000000     <absolute>
 0000:00000000       ___guard_iat_table         00000000     <absolute>
 0000:00000000       ___guard_longjmp_table     00000000     <absolute>
 0000:00000000       ___guard_iat_count         00000000     <absolute>
 0000:00000000       ___dynamic_value_reloc_table 00000000     <absolute>
 0000:00000000       ___guard_longjmp_count     00000000     <absolute>
 0000:00000000       ___volatile_metadata       00000000     <absolute>
 0000:00000000       ___guard_flags             00000000     <absolute>
 0000:00000000       ___enclave_config          00000000     <absolute>
 0000:00000000       ___hybrid_auxiliary_iat    00000000     <absolute>
 0000:00000000       ___guard_fids_table        00000000     <absolute>
 0001:00000000       ?multiboot_entry@@YAXXZ    00100400 f   kmain.obj
 0001:00000040       ?GDTInitialize@@YAHXZ      00100440 f   GDT.obj
 0001:00000110       ?gdt_set_descriptor@@YAXI_K0EE@Z 00100510 f   GDT.obj
 0001:000001e0       ?OutPortByte@@YAXGE@Z      001005e0 f   Hal.obj
 0001:000001f0       ?setvect@@YAXHA6AXXZH@Z    001005f0 f   Hal.obj
 0001:00000220       ?IDTInitialize@@YA_NG@Z    00100620 f   IDT.obj
 0001:000002c0       ?InstallInterrputHandler@@YA_NIGGP6AXXZ@Z 001006c0 f   IDT.obj
 0001:00000380       ?InterruptDefaultHandler@@YAXXZ 00100780 f   IDT.obj
 0001:00000390       ?SendEOI@@YAXXZ            00100790 f   IDT.obj
 0001:000003b0       ?PICInitialize@@YAXEE@Z    001007b0 f   Pic.obj
 0001:00000460       ?SendCommandToPIC@@YAXEE@Z 00100860 f i Pic.obj
 0001:000004b0       ?SendDataToPIC@@YAXEE@Z    001008b0 f i Pic.obj
 0001:00000500       ?InitializePIT@@YAXXZ      00100900 f   PIT.obj
 0001:00000520       ?InterruptPITHandler@@YAXXZ 00100920 f   PIT.obj
 0001:00000570       ?HardwareInitialize@@YAXXZ 00100970 f   kmain.obj
 0001:000005a0       ?kmain@@YAXKK@Z            001009a0 f   kmain.obj
 0001:00000610       ?kEnterCriticalSection@@YAXPAU_CRITICAL_SECTION@@@Z 00100a10 f   SkyAPI.obj
 0001:00000630       ?kLeaveCriticalSection@@YAXPAU_CRITICAL_SECTION@@@Z 00100a30 f   SkyAPI.obj
 0001:00000650       ?Clear@SkyConsole@@YAXXZ   00100a50 f   SkyConsole.obj
 0001:000006b0       ?Initialize@SkyConsole@@YAXXZ 00100ab0 f   SkyConsole.obj
 0001:00000760       ?MoveCursor@SkyConsole@@YAXII@Z 00100b60 f   SkyConsole.obj
 0001:00000820       ?Print@SkyConsole@@YAXPBDZZ 00100c20 f   SkyConsole.obj
 0001:00000af0       ?Write@SkyConsole@@YAXPBD@Z 00100ef0 f   SkyConsole.obj
 0001:00000b30       ?WriteChar@SkyConsole@@YAXDW4ConsoleColor@@0@Z 00100f30 f   SkyConsole.obj
 0001:00000cc0       ?scrollup@SkyConsole@@YAXXZ 001010c0 f   SkyConsole.obj
 0001:00000d60       _memcpy                    00101160 f   CommonLib:memory.obj
 0001:00000db0       _memset                    001011b0 f   CommonLib:memory.obj
 0001:00000de0       _memcmp                    001011e0 f   CommonLib:memory.obj
 0001:00000e50       _memmove                   00101250 f   CommonLib:memory.obj
 0001:00000ed0       _memchr                    001012d0 f   CommonLib:memory.obj
 0001:00000f20       _atexit                    00101320 f   CommonLib:cstd.obj
 0001:00000f70       ?_atexit_init@@YAXXZ       00101370 f   CommonLib:cstd.obj
 0001:00000f90       ?Exit@@YAXXZ               00101390 f   CommonLib:cstd.obj
 0001:00000fd0       ?InitializeConstructors@@YAXXZ 001013d0 f   CommonLib:cstd.obj
 0001:00000ff0       ?_purecall_handler@@YAHXZ  001013f0 f   CommonLib:cstd.obj
 0001:00001000       __CIcos                    00101400 f   CommonLib:cstd.obj
 0001:00001010       __CIsin                    00101410 f   CommonLib:cstd.obj
 0001:00001020       __CIsqrt                   00101420 f   CommonLib:cstd.obj
 0001:00001030       __ftol2_sse                00101430 f   CommonLib:cstd.obj
 0001:00001040       __aullshr                  00101440 f   CommonLib:cstd.obj
 0001:00001060       __dtol3                    00101460 f   CommonLib:cstd.obj
 0001:00001070       __dtoui3                   00101470 f   CommonLib:cstd.obj
 0001:00001080       __dtoul3                   00101480 f   CommonLib:cstd.obj
 0001:000010c0       _strcpy                    001014c0 f   CommonLib:string.obj
 0001:00001100       _strlen                    00101500 f   CommonLib:string.obj
 0001:00001130       _strcmp                    00101530 f   CommonLib:string.obj
 0001:00001190       _strncmp                   00101590 f   CommonLib:string.obj
 0001:00001210       _strncasecmp               00101610 f   CommonLib:string.obj
 0001:000012c0       _strstr                    001016c0 f   CommonLib:string.obj
 0001:00001340       _strupr                    00101740 f   CommonLib:string.obj
 0001:00001390       _strcat                    00101790 f   CommonLib:string.obj
 0001:00001400       _strncat                   00101800 f   CommonLib:string.obj
 0001:00001460       _strchr                    00101860 f   CommonLib:string.obj
 0001:000014a0       _stricmp                   001018a0 f   CommonLib:string.obj
 0001:00001590       _strpbrk                   00101990 f   CommonLib:string.obj
 0001:000015e0       _strtok                    001019e0 f   CommonLib:string.obj
 0001:00001660       _strspn                    00101a60 f   CommonLib:string.obj
 0001:000016d0       _strncpy                   00101ad0 f   CommonLib:string.obj
 0001:00001720       _strnicmp                  00101b20 f   CommonLib:string.obj
 0001:00001790       _strnchr                   00101b90 f   CommonLib:string.obj
 0001:000017e0       _strrchr                   00101be0 f   CommonLib:string.obj
 0001:00001830       _strxfrm                   00101c30 f   CommonLib:string.obj
 0001:000018c0       _strcoll                   00101cc0 f   CommonLib:string.obj
 0001:000018e0       _strtod                    00101ce0 f   CommonLib:string.obj
 0001:00001c80       _strcspn                   00102080 f   CommonLib:string.obj
 0001:00001cf0       _ftoa_fixed                001020f0 f   CommonLib:string.obj
 0001:00001e90       _ftoa_sci                  00102290 f   CommonLib:string.obj
 0001:00001ff0       _strichr                   001023f0 f   CommonLib:string.obj
 0001:00002050       _strtok_r                  00102450 f   CommonLib:string.obj
 0001:00002170       _memsetw                   00102570 f   CommonLib:string.obj
 0001:000021b0       ?normalize@@YAHPAN@Z       001025b0 f   CommonLib:string.obj
 0001:00002270       _sprintf                   00102670 f   CommonLib:sprintf.obj
 0001:000022a0       _itoa                      001026a0 f   CommonLib:sprintf.obj
 0001:00002370       _itoa_s                    00102770 f   CommonLib:sprintf.obj
 0001:000023a0       __i64toa                   001027a0 f   CommonLib:sprintf.obj
 0001:000024b0       ?itoa_s@@YAXHIPAD@Z        001028b0 f   CommonLib:sprintf.obj
 0001:000024f0       _strtoul                   001028f0 f   CommonLib:stdio.obj
 0001:00002750       _vsprintf                  00102b50 f   CommonLib:stdio.obj
 0001:00002c80       _strtol                    00103080 f   CommonLib:stdio.obj
 0001:00002f10       _atoi                      00103310 f   CommonLib:stdio.obj
 0001:00002f30       _atof                      00103330 f   CommonLib:stdio.obj
 0001:000030c0       _sscanf                    001034c0 f   CommonLib:stdio.obj
 0001:000030f0       _simple_strtoul            001034f0 f   CommonLib:stdio.obj
 0001:00003220       _simple_strtol             00103620 f   CommonLib:stdio.obj
 0001:00003260       _simple_strtoull           00103660 f   CommonLib:stdio.obj
 0001:000033b0       _simple_strtoll            001037b0 f   CommonLib:stdio.obj
 0001:00003400       _vnsprintf                 00103800 f   CommonLib:stdio.obj
 0001:00003940       ?vsscanf@@YAHPBD0PAE@Z     00103d40 f   CommonLib:stdio.obj
 0001:00004070       __aulldiv                  00104470 f   CommonLib:ulldiv.obj
 0001:000040e0       __aullrem                  001044e0 f   CommonLib:ullrem.obj
 0001:00004350       _atob                      00104750 f   CommonLib:atob.obj
 0001:000043a0       _btoa                      001047a0 f   CommonLib:atob.obj
 0001:00004510       _gethex                    00104910 f   CommonLib:atob.obj
 0001:000046a0       __isctype                  00104aa0 f   CommonLib:ctype.obj
 0001:000046d0       _isspace                   00104ad0 f   CommonLib:ctype.obj
 0001:000046f0       _isupper                   00104af0 f   CommonLib:ctype.obj
 0001:00004710       _islower                   00104b10 f   CommonLib:ctype.obj
 0001:00004730       _isdigit                   00104b30 f   CommonLib:ctype.obj
 0001:00004750       _isxdigit                  00104b50 f   CommonLib:ctype.obj
 0001:00004770       _ispunct                   00104b70 f   CommonLib:ctype.obj
 0001:00004790       _isalpha                   00104b90 f   CommonLib:ctype.obj
 0001:000047b0       _isalnum                   00104bb0 f   CommonLib:ctype.obj
 0001:000047d0       _isprint                   00104bd0 f   CommonLib:ctype.obj
 0001:000047f0       _isgraph                   00104bf0 f   CommonLib:ctype.obj
 0001:00004810       _iscntrl                   00104c10 f   CommonLib:ctype.obj
 0001:00004830       _isleadbyte                00104c30 f   CommonLib:ctype.obj
 0001:00004850       _toupper                   00104c50 f   CommonLib:ctype.obj
 0001:00004880       _tolower                   00104c80 f   CommonLib:ctype.obj
 0002:00000070       __real@0000000000000000    00105070     CommonLib:string.obj
 0002:00000078       __real@3fb999999999999a    00105078     CommonLib:string.obj
 0002:00000080       __real@3ff0000000000000    00105080     CommonLib:string.obj
 0002:00000088       __real@4024000000000000    00105088     CommonLib:string.obj
 0002:00000090       __real@41cdcd6500000000    00105090     CommonLib:string.obj
 0002:000000a0       __xmm@80000000000000008000000000000000 001050a0     CommonLib:string.obj
 0003:00000000       ?__xc_a@@3PAP6AXXZA        00105400     CommonLib:cstd.obj
 0003:00000004       ?__xc_z@@3PAP6AXXZA        00105404     CommonLib:cstd.obj
 0003:00000008       ?__xi_a@@3PAP6AXXZA        00105408     CommonLib:cstd.obj
 0003:0000000c       ?__xi_z@@3PAP6AXXZA        0010540c     CommonLib:cstd.obj
 0003:00000010       __fltused                  00105410     CommonLib:cstd.obj
 0003:00000068       ?bchars@@3PADA             00105468     CommonLib:sprintf.obj
 0003:00000080       __pctype                   00105480     CommonLib:ctype.obj
 0003:00000088       ?_ctype@@3PAGA             00105488     CommonLib:ctype.obj
 0003:00000af0       ?_pitTicks@@3IC            00105ef0     PIT.obj
 0003:00000af4       ?_lastTickCount@@3KA       00105ef4     PIT.obj
 0003:00000af8       ?g_criticalSection@@3U_CRITICAL_SECTION@@A 00105ef8     SkyAPI.obj
 0003:00000b28       ?runtimeTempBuffer@@3PADA  00105f28     CommonLib:cstd.obj
 0003:00001ebc       ?tbuf@@3PADA               001072bc     CommonLib:sprintf.obj

 entry point at        0001:00000000

 Static symbols

 0001:00000100       ?InstallGDT@@YAXXZ         00100500 f   GDT.obj
 0001:000002b0       ?IDTInstall@@YAXXZ         001006b0 f   IDT.obj
 0001:00000aac       $LN21                      00100eac     SkyConsole.obj
 0001:00000ac8       $LN20                      00100ec8     SkyConsole.obj
 0001:00001090       ?_initterm@@YAXPAP6AXXZ0@Z 00101490 f   CommonLib:cstd.obj
 0001:000020f0       ?ToUpper@@YAEE@Z           001024f0 f   CommonLib:string.obj
 0001:00002120       ?IsDigit@@YAEE@Z           00102520 f   CommonLib:string.obj
 0001:00002140       ?IsSpace@@YAEE@Z           00102540 f   CommonLib:string.obj
 0001:00002240       ?ToLower@@YAEE@Z           00102640 f   CommonLib:string.obj
 0001:00002c24       $LN27                      00103024     CommonLib:stdio.obj
 0001:00002c4c       $LN26                      0010304c     CommonLib:stdio.obj
 0001:00003894       $LN25                      00103c94     CommonLib:stdio.obj
 0001:000038bc       $LN24                      00103cbc     CommonLib:stdio.obj
 0001:000038f0       ?skip_atoi@@YAHPAPBD@Z     00103cf0 f   CommonLib:stdio.obj
 0001:00003fac       $LN78                      001043ac     CommonLib:stdio.obj
 0001:00003fd4       $LN76                      001043d4     CommonLib:stdio.obj
 0001:00004028       $LN79                      00104428     CommonLib:stdio.obj
 0001:0000403c       $LN77                      0010443c     CommonLib:stdio.obj
 0001:00004070       $$000000                   00104470     CommonLib:ulldiv.obj
 0001:000040e0       $$000000                   001044e0     CommonLib:ullrem.obj
 0001:00004160       __atob                     00104560 f   CommonLib:atob.obj
 0001:000045f0       __getbase                  001049f0 f   CommonLib:atob.obj
 0001:00004684       $LN11                      00104a84     CommonLib:atob.obj
 0001:00004694       $LN10                      00104a94     CommonLib:atob.obj
 0002:00000000       $SG2918                    00105000     PIT.obj
 0002:00000014       $SG6249                    00105014     kmain.obj
 0002:00000038       $SG6250                    00105038     kmain.obj
 0002:00000050       $SG6251                    00105050     kmain.obj
 0002:00000054       $SG6257                    00105054     kmain.obj
 0002:0000006c       $SG5865                    0010506c     SkyAPI.obj
 0002:000000b0       $SG3261                    001050b0     CommonLib:stdio.obj
 0003:00000014       ?max_atexitlist_entries@@3IA 00105414     CommonLib:cstd.obj
 0003:00000018       ?maxExponent@@3HA          00105418     CommonLib:string.obj
 0003:00000020       ?powersOf10@@3PANA         00105420     CommonLib:string.obj
 0003:00000078       $SG4638                    00105478     CommonLib:atob.obj
 0003:00000290       ?_gdt@@3PAUgdt_descriptor@@A 00105690     GDT.obj
 0003:000002e0       ?_gdtr@@3Utag_gdtr@@A      001056e0     GDT.obj
 0003:000002e8       ?_idt@@3PAUtag_idt_descriptor@@A 001056e8     IDT.obj
 0003:00000ae8       ?_idtr@@3Uidtr@@A          00105ee8     IDT.obj
 0003:00000b00       ?m_Color@SkyConsole@@3W4ConsoleColor@@A 00105f00     SkyConsole.obj
 0003:00000b04       ?m_Text@SkyConsole@@3W4ConsoleColor@@A 00105f04     SkyConsole.obj
 0003:00000b08       ?m_backGroundColor@SkyConsole@@3W4ConsoleColor@@A 00105f08     SkyConsole.obj
 0003:00000b0c       ?m_xPos@SkyConsole@@3IA    00105f0c     SkyConsole.obj
 0003:00000b10       ?m_yPos@SkyConsole@@3IA    00105f10     SkyConsole.obj
 0003:00000b14       ?m_pVideoMemory@SkyConsole@@3PAGA 00105f14     SkyConsole.obj
 0003:00000b18       ?m_ScreenHeight@SkyConsole@@3IA 00105f18     SkyConsole.obj
 0003:00000b1c       ?m_ScreenWidth@SkyConsole@@3IA 00105f1c     SkyConsole.obj
 0003:00000b20       ?m_VideoCardType@SkyConsole@@3GA 00105f20     SkyConsole.obj
 0003:00001eb0       ?pf_atexitlist@@3PAP6AXXZA 001072b0     CommonLib:cstd.obj
 0003:00001eb4       ?cur_atexitlist_entries@@3IA 001072b4     CommonLib:cstd.obj
 0003:00001eb8       ?lastToken@?1??strtok@@9@4PADA 001072b8     CommonLib:string.obj
